dataset: /Users/egormaksimov/Documents/PROGRAMMING/miners/ML/first_labling_attempt/yolo_seg | model: yolo11n-seg.pt | device: mps
New https://pypi.org/project/ultralytics/8.4.87 available 😃 Update with 'pip install -U ultralytics'
Ultralytics 8.4.51 🚀 Python-3.10.4 torch-2.6.0 MPS (Apple M1 Pro)
[34m[1mengine/trainer: [0magnostic_nms=False, amp=True, angle=1.0, augment=False, auto_augment=randaugment, batch=16, bgr=0.0, box=7.5, cache=False, cfg=None, classes=None, close_mosaic=10, cls=0.5, cls_pw=0.0, compile=False, conf=None, copy_paste=0.0, copy_paste_mode=flip, cos_lr=False, cutmix=0.0, data=/Users/egormaksimov/Documents/PROGRAMMING/miners/ML/first_segmentation_attempt/data.yaml, degrees=0.0, deterministic=True, device=mps, dfl=1.5, dnn=False, dropout=0.0, dynamic=False, embed=None, end2end=None, epochs=100, erasing=0.4, exist_ok=True, fliplr=0.5, flipud=0.0, format=torchscript, fraction=1.0, freeze=None, half=False, hsv_h=0.015, hsv_s=0.7, hsv_v=0.4, imgsz=640, int8=False, iou=0.7, keras=False, kobj=1.0, line_width=None, lr0=0.01, lrf=0.01, mask_ratio=4, max_det=300, mixup=0.0, mode=train, model=yolo11n-seg.pt, momentum=0.937, mosaic=1.0, multi_scale=0.0, name=talc_seg, nbs=64, nms=False, opset=None, optimize=False, optimizer=auto, overlap_mask=True, patience=100, perspective=0.0, plots=True, pose=12.0, pretrained=True, profile=False, project=/Users/egormaksimov/Documents/PROGRAMMING/miners/ML/first_segmentation_attempt/runs, rect=False, resume=False, retina_masks=False, rle=1.0, save=True, save_conf=False, save_crop=False, save_dir=/Users/egormaksimov/Documents/PROGRAMMING/miners/ML/first_segmentation_attempt/runs/talc_seg, save_frames=False, save_json=False, save_period=-1, save_txt=False, scale=0.5, seed=42, shear=0.0, show=False, show_boxes=True, show_conf=True, show_labels=True, simplify=True, single_cls=False, source=None, split=val, stream_buffer=False, task=segment, time=None, tracker=botsort.yaml, translate=0.1, val=True, verbose=True, vid_stride=1, visualize=False, warmup_bias_lr=0.1, warmup_epochs=3.0, warmup_momentum=0.8, weight_decay=0.0005, workers=4, workspace=None
Overriding model.yaml nc=80 with nc=1

                   from  n    params  module                                       arguments                     
  0                  -1  1       464  ultralytics.nn.modules.conv.Conv             [3, 16, 3, 2]                 
  1                  -1  1      4672  ultralytics.nn.modules.conv.Conv             [16, 32, 3, 2]                
  2                  -1  1      6640  ultralytics.nn.modules.block.C3k2            [32, 64, 1, False, 0.25]      
  3                  -1  1     36992  ultralytics.nn.modules.conv.Conv             [64, 64, 3, 2]                
  4                  -1  1     26080  ultralytics.nn.modules.block.C3k2            [64, 128, 1, False, 0.25]     
  5                  -1  1    147712  ultralytics.nn.modules.conv.Conv             [128, 128, 3, 2]              
  6                  -1  1     87040  ultralytics.nn.modules.block.C3k2            [128, 128, 1, True]           
  7                  -1  1    295424  ultralytics.nn.modules.conv.Conv             [128, 256, 3, 2]              
  8                  -1  1    346112  ultralytics.nn.modules.block.C3k2            [256, 256, 1, True]           
  9                  -1  1    164608  ultralytics.nn.modules.block.SPPF            [256, 256, 5]                 
 10                  -1  1    249728  ultralytics.nn.modules.block.C2PSA           [256, 256, 1]                 
 11                  -1  1         0  torch.nn.modules.upsampling.Upsample         [None, 2, 'nearest']          
 12             [-1, 6]  1         0  ultralytics.nn.modules.conv.Concat           [1]                           
 13                  -1  1    111296  ultralytics.nn.modules.block.C3k2            [384, 128, 1, False]          
 14                  -1  1         0  torch.nn.modules.upsampling.Upsample         [None, 2, 'nearest']          
 15             [-1, 4]  1         0  ultralytics.nn.modules.conv.Concat           [1]                           
 16                  -1  1     32096  ultralytics.nn.modules.block.C3k2            [256, 64, 1, False]           
 17                  -1  1     36992  ultralytics.nn.modules.conv.Conv             [64, 64, 3, 2]                
 18            [-1, 13]  1         0  ultralytics.nn.modules.conv.Concat           [1]                           
 19                  -1  1     86720  ultralytics.nn.modules.block.C3k2            [192, 128, 1, False]          
 20                  -1  1    147712  ultralytics.nn.modules.conv.Conv             [128, 128, 3, 2]              
 21            [-1, 10]  1         0  ultralytics.nn.modules.conv.Concat           [1]                           
 22                  -1  1    378880  ultralytics.nn.modules.block.C3k2            [384, 256, 1, True]           
 23        [16, 19, 22]  1    683635  ultralytics.nn.modules.head.Segment          [1, 32, 64, 16, None, [64, 128, 256]]
YOLO11n-seg summary: 204 layers, 2,842,803 parameters, 2,842,787 gradients, 9.7 GFLOPs

Transferred 510/561 items from pretrained weights
Freezing layer 'model.23.dfl.conv.weight'
[34m[1mtrain: [0mFast image access ✅ (ping: 0.0±0.0 ms, read: 1522.3±609.4 MB/s, size: 791.6 KB)
[K[34m[1mtrain: [0mScanning /Users/egormaksimov/Documents/PROGRAMMING/miners/ML/first_labling_attempt/yolo_seg/labels/train.cache... 34 images, 0 backgrounds, 0 corrupt: 100% ━━━━━━━━━━━━ 34/34 8.4Mit/s 0.0s
[34m[1mval: [0mFast image access ✅ (ping: 0.0±0.0 ms, read: 7614.2±2378.7 MB/s, size: 801.4 KB)
[K[34m[1mval: [0mScanning /Users/egormaksimov/Documents/PROGRAMMING/miners/ML/first_labling_attempt/yolo_seg/labels/val.cache... 8 images, 0 backgrounds, 0 corrupt: 100% ━━━━━━━━━━━━ 8/8 4.2Mit/s 0.0s
[34m[1moptimizer:[0m 'optimizer=auto' found, ignoring 'lr0=0.01' and 'momentum=0.937' and determining best 'optimizer', 'lr0' and 'momentum' automatically... 
[34m[1moptimizer:[0m AdamW(lr=0.002, momentum=0.9) with parameter groups 90 weight(decay=0.0), 101 weight(decay=0.0005), 100 bias(decay=0.0)
Plotting labels to /Users/egormaksimov/Documents/PROGRAMMING/miners/ML/first_segmentation_attempt/runs/talc_seg/labels.jpg... 
Image sizes 640 train, 640 val
Using 0 dataloader workers
Logging results to [1m/Users/egormaksimov/Documents/PROGRAMMING/miners/ML/first_segmentation_attempt/runs/talc_seg[0m
Starting training for 100 epochs...

      Epoch    GPU_mem   box_loss   seg_loss   cls_loss   dfl_loss   sem_loss  Instances       Size
2026-07-04 07:23:59.470 Python[70413:1709919] Error creating directory 
 The volume ‚ÄúMacintosh HD‚Äù is out of space. You can‚Äôt save the file ‚Äúmpsgraph-70413-2026-07-04_07_23_59-120972439‚Äù because the volume ‚ÄúMacintosh HD‚Äù is out of space.
[K      1/100      6.18G      2.167      5.263      3.066      2.127          0        161        640: 0% ──────────── 0/3  26.6s[K      1/100      6.18G      2.147      5.429      3.067      2.114          0        190        640: 33% ━━━━──────── 1/3 24.4s/it 34.0s<48.9s[K      1/100      6.26G      2.102      4.865      3.017      2.147          0          8        640: 67% ━━━━━━━━──── 2/3 22.2s/it 52.2s<22.2s[K      1/100      6.26G      2.102      4.865      3.017      2.147          0          8        640: 100% ━━━━━━━━━━━━ 3/3 17.4s/it 52.2s
2026-07-04 07:24:31.954 Python[70413:1706075] Error creating directory 
 The volume ‚ÄúMacintosh HD‚Äù is out of space. You can‚Äôt save the file ‚Äúmpsgraph-70413-2026-07-04_07_24_31-3287955157‚Äù because the volume ‚ÄúMacintosh HD‚Äù is out of space.
2026-07-04 07:24:31.967 Python[70413:1706075] Error creating directory 
 The volume ‚ÄúMacintosh HD‚Äù is out of space. You can‚Äôt save the file ‚Äúmpsgraph-70413-2026-07-04_07_24_31-2572514031‚Äù because the volume ‚ÄúMacintosh HD‚Äù is out of space.

--- Logging error ---
Traceback (most recent call last):

